[tradercyber.com/nb-veccitrader/index.html]
[backblue.gif]
[fade.gif]
[index.html]
[tradercyber.com/wp-content/plugins/elementor/assets/lib/eicons/css/elementor-icons.min0fd8.css]
[tradercyber.com/wp-content/plugins/elementor/assets/css/frontend.min52dd.css]
[tradercyber.com/wp-content/plugins/elementor/assets/lib/swiper/v8/css/swiper.min94a4.css]
[tradercyber.com/wp-content/plugins/elementor/assets/css/conditionals/e-swiper.min52dd.css]
[tradercyber.com/wp-content/uploads/elementor/css/post-55579.css]
[tradercyber.com/wp-content/plugins/pro-elements/assets/css/frontend.min28fc.css]
[tradercyber.com/wp-content/plugins/elementor/assets/lib/font-awesome/css/all.min52dd.css]
[tradercyber.com/wp-content/plugins/elementor/assets/lib/font-awesome/css/v4-shims.min52dd.css]
[tradercyber.com/wp-content/uploads/elementor/css/globalcff8.css]
[tradercyber.com/wp-content/plugins/elementor/assets/css/widget-heading.min52dd.css]
[tradercyber.com/wp-content/plugins/elementor/assets/css/widget-image-carousel.min52dd.css]
[tradercyber.com/wp-content/uploads/elementor/css/post-3025a6bc.css]
[tradercyber.com/wp-content/themes/hello-elementor/style.minb12b.css]
[tradercyber.com/wp-content/themes/hello-elementor/theme.minb12b.css]
[tradercyber.com/wp-content/themes/hello-elementor/header-footer.minb12b.css]
[tradercyber.com/wp-content/plugins/essential-addons-for-elementor-lite/assets/front-end/css/view/general.minfc7a.css]
[tradercyber.com/wp-content/plugins/happy-elementor-addons/assets/fonts/style.min0fca.css]
[tradercyber.com/wp-content/plugins/elementor/assets/lib/font-awesome/css/font-awesome.min1849.css]
[tradercyber.com/wp-content/plugins/royal-elementor-addons/assets/css/lib/animations/text-animations.mine6ad.css]
[tradercyber.com/wp-content/plugins/royal-elementor-addons/assets/css/frontend.mine6ad.css]
[tradercyber.com/wp-content/plugins/elementor/assets/lib/font-awesome/js/v4-shims.min52dd.js]
[tradercyber.com/wp-includes/js/jquery/jquery.minf43b.js]
[tradercyber.com/wp-includes/js/jquery/jquery-migrate.min5589.js]
[tradercyber.com/wp-content/plugins/happy-elementor-addons/assets/vendor/dom-purify/purify.min005e.js]
[tradercyber.com/wp-content/uploads/2024/10/cropped-LOGOZADA-PROF-32x32.jpg]
[tradercyber.com/wp-content/uploads/2024/10/cropped-LOGOZADA-PROF-192x192.jpg]
[tradercyber.com/wp-content/uploads/2024/10/cropped-LOGOZADA-PROF-180x180.jpg]
[connect.facebook.net/en_US/fbevents.js]
[tradercyber.com/wp-content/uploads/2024/04/br.png]
[tradercyber.com/wp-content/uploads/2024/04/google-play.png]
[tradercyber.com/wp-content/uploads/2024/04/apple-1.png]
[tradercyber.com/wp-content/uploads/2024/04/IMG_0935.jpg]
[tradercyber.com/wp-content/uploads/2024/04/IMG_0930.jpg]
[tradercyber.com/wp-content/uploads/2024/04/IMG_0939.jpg]
[tradercyber.com/wp-content/uploads/2024/04/IMG_0936-768x1040.jpg]
[tradercyber.com/wp-content/uploads/2024/04/IMG_0940.jpg]
[tradercyber.com/wp-content/uploads/2024/04/IMG_0932-768x1007.jpg]
[tradercyber.com/wp-content/uploads/2024/04/IMG_0934.jpg]
[tradercyber.com/wp-content/uploads/2024/04/IMG_0938-768x1150.jpg]
[tradercyber.com/wp-content/uploads/2024/04/IMG_0931-768x1230.jpg]
[tradercyber.com/wp-content/plugins/royal-elementor-addons/assets/js/lib/particles/particles7c45.js]
[tradercyber.com/wp-content/plugins/royal-elementor-addons/assets/js/lib/jarallax/jarallax.minf184.js]
[tradercyber.com/wp-content/plugins/royal-elementor-addons/assets/js/lib/parallax/parallax.min5152.js]
[tradercyber.com/wp-content/themes/hello-elementor/assets/js/hello-frontend.minb12b.js]
[tradercyber.com/wp-content/plugins/essential-addons-for-elementor-lite/assets/front-end/js/view/general.minfc7a.js]
[tradercyber.com/wp-content/plugins/happy-elementor-addons/assets/js/happy-addons.min0fca.js]
[tradercyber.com/wp-content/plugins/pro-elements/assets/js/webpack-pro.runtime.min28fc.js]
[tradercyber.com/wp-content/plugins/elementor/assets/js/webpack.runtime.min52dd.js]
[tradercyber.com/wp-content/plugins/elementor/assets/js/frontend-modules.min52dd.js]
[tradercyber.com/wp-includes/js/dist/hooks.min2757.js]
[tradercyber.com/wp-includes/js/dist/i18n.minc33c.js]
[tradercyber.com/wp-content/plugins/pro-elements/assets/js/frontend.min28fc.js]
[tradercyber.com/wp-includes/js/jquery/ui/core.minb37e.js]
[tradercyber.com/wp-content/plugins/elementor/assets/js/frontend.min52dd.js]
[tradercyber.com/wp-content/plugins/pro-elements/assets/js/elements-handlers.min28fc.js]
[tradercyber.com/wp-content/plugins/royal-elementor-addons/assets/js/frontend.mine6ad.js]
[tradercyber.com/wp-content/plugins/royal-elementor-addons/assets/js/modal-popups.mine6ad.js]
[tradercyber.com/nb-veccitrader/index.html]
[tradercyber.com/wp-content/plugins/elementor/assets/lib/eicons/css/elementor-icons.min0fd8.css]
[tradercyber.com/wp-content/plugins/elementor/assets/css/frontend.min52dd.css]
[tradercyber.com/wp-content/plugins/elementor/assets/lib/swiper/v8/css/swiper.min94a4.css]
[tradercyber.com/wp-content/plugins/elementor/assets/css/conditionals/e-swiper.min52dd.css]
[tradercyber.com/wp-content/uploads/elementor/css/post-55579.css]
[tradercyber.com/wp-content/plugins/pro-elements/assets/css/frontend.min28fc.css]
[tradercyber.com/wp-content/plugins/elementor/assets/lib/font-awesome/css/all.min52dd.css]
[tradercyber.com/wp-content/plugins/elementor/assets/lib/font-awesome/css/v4-shims.min52dd.css]
[tradercyber.com/wp-content/uploads/elementor/css/globalcff8.css]
[tradercyber.com/wp-content/plugins/elementor/assets/css/widget-heading.min52dd.css]
[tradercyber.com/wp-content/plugins/elementor/assets/css/widget-image.min52dd.css]
[tradercyber.com/wp-content/plugins/elementor/assets/css/widget-image-carousel.min52dd.css]
[tradercyber.com/wp-content/uploads/2024/12/davizera.jpg]
[tradercyber.com/wp-content/uploads/2024/04/bg4.png]
[tradercyber.com/wp-content/uploads/2024/12/davizera_mb.jpg]
[tradercyber.com/wp-content/uploads/elementor/css/post-3025a6bc.css]
[tradercyber.com/wp-content/uploads/2024/04/celular-4.png]
[tradercyber.com/wp-content/themes/hello-elementor/style.minb12b.css]
[tradercyber.com/wp-content/themes/hello-elementor/theme.minb12b.css]
[tradercyber.com/wp-content/themes/hello-elementor/header-footer.minb12b.css]
[tradercyber.com/wp-content/plugins/essential-addons-for-elementor-lite/assets/front-end/css/view/general.minfc7a.css]
[tradercyber.com/wp-content/plugins/happy-elementor-addons/assets/fonts/happy-icons.woff2]
[tradercyber.com/wp-content/plugins/happy-elementor-addons/assets/fonts/happy-icons.woff]
[tradercyber.com/wp-content/plugins/happy-elementor-addons/assets/fonts/style.min0fca.css]
[tradercyber.com/wp-content/plugins/elementor/assets/lib/font-awesome/css/font-awesome.min1849.css]
[tradercyber.com/wp-content/plugins/royal-elementor-addons/assets/css/lib/animations/text-animations.mine6ad.css]
[tradercyber.com/wp-content/plugins/royal-elementor-addons/assets/css/frontend.mine6ad.css]
[tradercyber.com/wp-content/plugins/elementor/assets/lib/font-awesome/js/v4-shims.min52dd.js]
[tradercyber.com/wp-includes/js/jquery/jquery.minf43b.js]
[tradercyber.com/wp-includes/js/jquery/jquery-migrate.min5589.js]
[tradercyber.com/wp-content/plugins/happy-elementor-addons/assets/vendor/dom-purify/purify.min005e.js]
[www.googletagmanager.com/gtm5445.html]
[tradercyber.com/wp-content/plugins/happy-elementor-addons/assets/fonts/happy-icons.svg]
[tradercyber.com/nb-veccitrader/Trident/index.html]
[tradercyber.com/nb-veccitrader/a]
[tradercyber.com/nb-veccitrader/POST]
[tradercyber.com/nb-veccitrader/b.resolvedLink]
[tradercyber.com/nb-veccitrader/schema.org/index.html]
[tradercyber.com/signals/iwl.js]
[connect.facebook.net/en_US/fbevents.js]
[tradercyber.com/nb-veccitrader/GET]
[tradercyber.com/nb-veccitrader/Error pJS - No image.src]
[tradercyber.com/wp-content/plugins/royal-elementor-addons/assets/js/lib/particles/particles7c45.js]
[tradercyber.com/wp-content/plugins/royal-elementor-addons/assets/js/lib/jarallax/jarallax.minf184.js]
[tradercyber.com/wp-content/plugins/royal-elementor-addons/assets/js/lib/parallax/parallax.min5152.js]
[tradercyber.com/wp-content/themes/hello-elementor/assets/js/hello-frontend.minb12b.js]
[tradercyber.com/nb-veccitrader/e]
[tradercyber.com/wp-content/plugins/essential-addons-for-elementor-lite/assets/front-end/js/view/general.minfc7a.js]
[tradercyber.com/wp-content/plugins/happy-elementor-addons/assets/js/happy-addons.min0fca.js]
[tradercyber.com/wp-content/plugins/pro-elements/assets/js/webpack-pro.runtime.min28fc.js]
[tradercyber.com/wp-content/plugins/elementor/assets/js/webpack.runtime.min52dd.js]
[tradercyber.com/wp-content/plugins/elementor/assets/js/frontend-modules.min52dd.js]
[tradercyber.com/wp-includes/js/dist/hooks.min2757.js]
[tradercyber.com/wp-includes/js/dist/i18n.minc33c.js]
[tradercyber.com/wp-content/plugins/pro-elements/assets/js/frontend.min28fc.js]
[tradercyber.com/wp-includes/js/jquery/ui/core.minb37e.js]
[tradercyber.com/nb-veccitrader/Edge/index.html]
[tradercyber.com/nb-veccitrader/-negative.svg]
[tradercyber.com/wp-content/plugins/elementor/assets/js/frontend.min52dd.js]
[tradercyber.com/nb-veccitrader/OPR/index.html]
[tradercyber.com/nb-veccitrader/window.location.href]
[tradercyber.com/wp-content/plugins/pro-elements/assets/js/elements-handlers.min28fc.js]
[connect.facebook.net/en_US/sdk.js]
[www.google.com/recaptcha/api3398.js]
[tradercyber.com/wp-content/plugins/royal-elementor-addons/assets/js/frontend.mine6ad.js]
[tradercyber.com/wp-content/plugins/royal-elementor-addons/assets/js/modal-popups.mine6ad.js]
[tradercyber.com/wp-content/plugins/happy-elementor-addons/assets/fonts/happy-icons.svg]
[tradercyber.com/nb-veccitrader/Trident/index.html]
[tradercyber.com/nb-veccitrader/a.html]
[tradercyber.com/nb-veccitrader/POST.html]
[tradercyber.com/nb-veccitrader/schema.org/index.html]
[tradercyber.com/nb-veccitrader/b.html]
[tradercyber.com/signals/iwl.html]
[tradercyber.com/nb-veccitrader/GET.html]
[tradercyber.com/nb-veccitrader/Error pJS - No image.html]
[tradercyber.com/nb-veccitrader/Edge/index.html]
[tradercyber.com/nb-veccitrader/e.html]
[tradercyber.com/nb-veccitrader/-negative.html]
[tradercyber.com/nb-veccitrader/OPR/index.html]
[tradercyber.com/nb-veccitrader/window.location.html]
[connect.facebook.net/en_US/sdk.js]
